// Jest Snapshot v1, https://goo.gl/fbAQLP

exports[`mapping 1`] = `
[
  {
    "featureEnd": 51409696,
    "featureStart": 51409534,
    "phase": 0,
    "refName": "1",
    "sourceProteinEnd": 111,
    "sourceProteinStart": 57,
    "strand": -1,
    "targetProteinEnd": 425,
    "targetProteinStart": 371,
  },
  {
    "featureEnd": 51408332,
    "featureStart": 51408134,
    "phase": 0,
    "refName": "1",
    "sourceProteinEnd": 177,
    "sourceProteinStart": 111,
    "strand": -1,
    "targetProteinEnd": 491,
    "targetProteinStart": 425,
  },
  {
    "featureEnd": 51406108,
    "featureStart": 51405904,
    "phase": 0,
    "refName": "1",
    "sourceProteinEnd": 245,
    "sourceProteinStart": 177,
    "strand": -1,
    "targetProteinEnd": 559,
    "targetProteinStart": 491,
  },
  {
    "featureEnd": 51403532,
    "featureStart": 51403418,
    "phase": 0,
    "refName": "1",
    "sourceProteinEnd": 283,
    "sourceProteinStart": 245,
    "strand": -1,
    "targetProteinEnd": 597,
    "targetProteinStart": 559,
  },
  {
    "featureEnd": 51402525,
    "featureStart": 51402434,
    "phase": 0,
    "refName": "1",
    "sourceProteinEnd": 313,
    "sourceProteinStart": 283,
    "strand": -1,
    "targetProteinEnd": 627,
    "targetProteinStart": 597,
  },
  {
    "featureEnd": 51400953,
    "featureStart": 51400917,
    "phase": 2,
    "refName": "1",
    "sourceProteinEnd": 325,
    "sourceProteinStart": 313,
    "strand": -1,
    "targetProteinEnd": 639,
    "targetProteinStart": 627,
  },
  {
    "featureEnd": 51399165,
    "featureStart": 51399031,
    "phase": 2,
    "refName": "1",
    "sourceProteinEnd": 369,
    "sourceProteinStart": 325,
    "strand": -1,
    "targetProteinEnd": 683,
    "targetProteinStart": 639,
  },
  {
    "featureEnd": 51394447,
    "featureStart": 51394380,
    "phase": 0,
    "refName": "1",
    "sourceProteinEnd": 391,
    "sourceProteinStart": 369,
    "strand": -1,
    "targetProteinEnd": 705,
    "targetProteinStart": 683,
  },
  {
    "featureEnd": 51366029,
    "featureStart": 51365952,
    "phase": 2,
    "refName": "1",
    "sourceProteinEnd": 416,
    "sourceProteinStart": 391,
    "strand": -1,
    "targetProteinEnd": 730,
    "targetProteinStart": 705,
  },
  {
    "featureEnd": 51364028,
    "featureStart": 51363865,
    "phase": 0,
    "refName": "1",
    "sourceProteinEnd": 470,
    "sourceProteinStart": 416,
    "strand": -1,
    "targetProteinEnd": 784,
    "targetProteinStart": 730,
  },
  {
    "featureEnd": 51361355,
    "featureStart": 51361170,
    "phase": 2,
    "refName": "1",
    "sourceProteinEnd": 531,
    "sourceProteinStart": 470,
    "strand": -1,
    "targetProteinEnd": 845,
    "targetProteinStart": 784,
  },
]
`;
